// Jest Snapshot v1, https://goo.gl/fbAQLP

exports[`ProductImage should show the component correctly with custom img 1`] = `
<img
  className="productImg undefined"
  src="https://hola.jpg"
/>
`;

exports[`ProductImage should show the component with product image 1`] = `
<div
  className="productCard undefined"
>
  <img
    className="productImg undefined"
    src="./coffee-mug.png"
  />
</div>
`;
